// Jest Snapshot v1, https://goo.gl/fbAQLP

exports[`Layer Tabs renders default 1`] = `
.emotion-3 {
  width: 100%;
  height: 40px;
  min-height: 40px;
  display: -webkit-box;
  display: -webkit-flex;
  display: -ms-flexbox;
  display: flex;
  -webkit-align-items: center;
  -webkit-box-align: center;
  -ms-flex-align: center;
  align-items: center;
  -webkit-box-pack: center;
  -webkit-justify-content: center;
  -ms-flex-pack: center;
  justify-content: center;
}

.emotion-2 {
  width: 100%;
  height: 100%;
  -webkit-align-items: center;
  -webkit-box-align: center;
  -ms-flex-align: center;
  align-items: center;
  display: -webkit-box;
  display: -webkit-flex;
  display: -ms-flexbox;
  display: flex;
  -webkit-box-pack: start;
  -webkit-justify-content: flex-start;
  -ms-flex-pack: start;
  justify-content: flex-start;
}

.emotion-0 {
  height: 100%;
  -webkit-align-items: center;
  -webkit-box-align: center;
  -ms-flex-align: center;
  align-items: center;
  color: rgba(255,255,255,0.4);
  border-left: 1px solid #1F212B;
  border-right: 1px solid #000000;
  cursor: pointer;
  display: -webkit-box;
  display: -webkit-flex;
  display: -ms-flexbox;
  display: flex;
  font-size: 11px;
  font-weight: 400;
  -webkit-box-pack: center;
  -webkit-justify-content: center;
  -ms-flex-pack: center;
  justify-content: center;
  line-height: 15px;
  padding: 0 12px;
  -webkit-transition: background-color 0.2s ease-out;
  transition: background-color 0.2s ease-out;
}

.emotion-0:hover,
.emotion-0.active {
  background-color: rgba(77,77,77,0.17);
  border-left-color: #000000;
}

.emotion-0.active {
  border-right-color: transparent;
  border-left: 1px solid rgba(77,77,77,0.17);
  color: #FFFFFF;
}

<div>
  <div
    class="emotion-3"
  >
    <ul
      class="emotion-2"
    >
      <li
        class="active emotion-0"
        data-tab="0"
      >
        LAYERS
      </li>
      <li
        class=" emotion-0"
        data-tab="1"
      >
        INDICATORS
      </li>
    </ul>
  </div>
</div>
`;
