// Jest Snapshot v1, https://goo.gl/fbAQLP

exports[`Tools View renders default 1`] = `
<div>
  <div>
    Tools
  </div>
</div>
`;
